
> loadifymarket.co.uk@0.0.0 build
> tsc -b && vite build

[36mvite v7.2.6 [32mbuilding client environment for production...[36m[39m
transforming...
[32m✓[39m 2342 modules transformed.
rendering chunks...
computing gzip size...
[2mdist/[22m[32mindex.html                                  [39m[1m[2m  8.06 kB[22m[1m[22m[2m │ gzip:  2.41 kB[22m
[2mdist/[22m[2massets/[22m[35mindex-DGdtNGum.css                   [39m[1m[2m106.63 kB[22m[1m[22m[2m │ gzip: 17.67 kB[22m
[2mdist/[22m[2massets/[22m[36mvendor-forms-UQnFY0xU.js             [39m[1m[2m  0.04 kB[22m[1m[22m[2m │ gzip:  0.06 kB[22m[2m │ map:     0.11 kB[22m
[2mdist/[22m[2massets/[22m[36mvendor-payment-UQnFY0xU.js           [39m[1m[2m  0.04 kB[22m[1m[22m[2m │ gzip:  0.06 kB[22m[2m │ map:     0.11 kB[22m
[2mdist/[22m[2massets/[22m[36mpromoDeadline-CJMKVZ58.js            [39m[1m[2m  0.07 kB[22m[1m[22m[2m │ gzip:  0.09 kB[22m[2m │ map:     0.58 kB[22m
[2mdist/[22m[2massets/[22m[36mbrand-BQ99WoYE.js                    [39m[1m[2m  0.13 kB[22m[1m[22m[2m │ gzip:  0.14 kB[22m[2m │ map:     1.21 kB[22m
[2mdist/[22m[2massets/[22m[36msupabase-DEvPRpdT.js                 [39m[1m[2m  0.30 kB[22m[1m[22m[2m │ gzip:  0.24 kB[22m[2m │ map:     0.80 kB[22m
[2mdist/[22m[2massets/[22m[36mindex-CRM2uyMp.js                    [39m[1m[2m  0.38 kB[22m[1m[22m[2m │ gzip:  0.28 kB[22m[2m │ map:     1.82 kB[22m
[2mdist/[22m[2massets/[22m[36mindex-K679d8it.js                    [39m[1m[2m  0.39 kB[22m[1m[22m[2m │ gzip:  0.31 kB[22m[2m │ map:     1.73 kB[22m
[2mdist/[22m[2massets/[22m[36mtextarea-DzxZZJwX.js                 [39m[1m[2m  0.52 kB[22m[1m[22m[2m │ gzip:  0.34 kB[22m[2m │ map:     1.12 kB[22m
[2mdist/[22m[2massets/[22m[36minput-CP_cSq9a.js                    [39m[1m[2m  0.62 kB[22m[1m[22m[2m │ gzip:  0.38 kB[22m[2m │ map:     1.18 kB[22m
[2mdist/[22m[2massets/[22m[36mvendor-utils-GoINj6FO.js             [39m[1m[2m  0.65 kB[22m[1m[22m[2m │ gzip:  0.40 kB[22m[2m │ map:     3.30 kB[22m
[2mdist/[22m[2massets/[22m[36mNotFound-7l1e5hLj.js                 [39m[1m[2m  0.73 kB[22m[1m[22m[2m │ gzip:  0.43 kB[22m[2m │ map:     1.35 kB[22m
[2mdist/[22m[2massets/[22m[36mbadge-CCjxCe1_.js                    [39m[1m[2m  0.74 kB[22m[1m[22m[2m │ gzip:  0.40 kB[22m[2m │ map:     1.65 kB[22m
[2mdist/[22m[2massets/[22m[36mRoleBadge-CsvEy9dP.js                [39m[1m[2m  0.87 kB[22m[1m[22m[2m │ gzip:  0.47 kB[22m[2m │ map:     2.37 kB[22m
[2mdist/[22m[2massets/[22m[36mlabel-BqWMewQ1.js                    [39m[1m[2m  0.92 kB[22m[1m[22m[2m │ gzip:  0.57 kB[22m[2m │ map:     4.16 kB[22m
[2mdist/[22m[2massets/[22m[36mcard-CeZnLAwL.js                     [39m[1m[2m  1.02 kB[22m[1m[22m[2m │ gzip:  0.40 kB[22m[2m │ map:     2.85 kB[22m
[2mdist/[22m[2massets/[22m[36mseparator-BHyeEVJ8.js                [39m[1m[2m  1.06 kB[22m[1m[22m[2m │ gzip:  0.60 kB[22m[2m │ map:     4.84 kB[22m
[2mdist/[22m[2massets/[22m[36mloadify-logo-sQMmiKDe.js             [39m[1m[2m  1.07 kB[22m[1m[22m[2m │ gzip:  0.48 kB[22m[2m │ map:     1.23 kB[22m
[2mdist/[22m[2massets/[22m[36muse-toast-k7N6zRn9.js                [39m[1m[2m  1.19 kB[22m[1m[22m[2m │ gzip:  0.62 kB[22m[2m │ map:     6.15 kB[22m
[2mdist/[22m[2massets/[22m[36mPaymentMethodBadges-0QBKPqRA.js      [39m[1m[2m  1.24 kB[22m[1m[22m[2m │ gzip:  0.56 kB[22m[2m │ map:     4.08 kB[22m
[2mdist/[22m[2massets/[22m[36mBuyerPayments-IihfkUtK.js            [39m[1m[2m  1.45 kB[22m[1m[22m[2m │ gzip:  0.63 kB[22m[2m │ map:     2.38 kB[22m
[2mdist/[22m[2massets/[22m[36mcategoryImages-D3m4mpG3.js           [39m[1m[2m  1.48 kB[22m[1m[22m[2m │ gzip:  0.53 kB[22m[2m │ map:     3.73 kB[22m
[2mdist/[22m[2massets/[22m[36mtable-C4JYke1-.js                    [39m[1m[2m  1.51 kB[22m[1m[22m[2m │ gzip:  0.53 kB[22m[2m │ map:     4.09 kB[22m
[2mdist/[22m[2massets/[22m[36mBreadcrumbNav-nM0f8Idm.js            [39m[1m[2m  1.87 kB[22m[1m[22m[2m │ gzip:  0.69 kB[22m[2m │ map:     4.91 kB[22m
[2mdist/[22m[2massets/[22m[36mindex-2PHqpFy1.js                    [39m[1m[2m  2.05 kB[22m[1m[22m[2m │ gzip:  0.90 kB[22m[2m │ map:     8.54 kB[22m
[2mdist/[22m[2massets/[22m[36mdialog-BcLVLWVC.js                   [39m[1m[2m  2.22 kB[22m[1m[22m[2m │ gzip:  0.86 kB[22m[2m │ map:     5.38 kB[22m
[2mdist/[22m[2massets/[22m[36mCheckoutError-B5qo9iEN.js            [39m[1m[2m  2.48 kB[22m[1m[22m[2m │ gzip:  1.04 kB[22m[2m │ map:     4.84 kB[22m
[2mdist/[22m[2massets/[22m[36mindex-CMJeResP.js                    [39m[1m[2m  2.66 kB[22m[1m[22m[2m │ gzip:  1.18 kB[22m[2m │ map:    27.62 kB[22m
[2mdist/[22m[2massets/[22m[36mprogress-BGkO1I8D.js                 [39m[1m[2m  3.17 kB[22m[1m[22m[2m │ gzip:  1.49 kB[22m[2m │ map:    14.22 kB[22m
[2mdist/[22m[2massets/[22m[36mOrderSuccessPage-CORpd5u0.js         [39m[1m[2m  3.83 kB[22m[1m[22m[2m │ gzip:  1.19 kB[22m[2m │ map:     7.21 kB[22m
[2mdist/[22m[2massets/[22m[36mBuyerNotifications-DYlU2sLa.js       [39m[1m[2m  3.87 kB[22m[1m[22m[2m │ gzip:  1.54 kB[22m[2m │ map:    10.12 kB[22m
[2mdist/[22m[2massets/[22m[36mBuyerShell-asN_0vVA.js               [39m[1m[2m  3.90 kB[22m[1m[22m[2m │ gzip:  1.38 kB[22m[2m │ map:     8.29 kB[22m
[2mdist/[22m[2massets/[22m[36mAdminNotifications-BEZD9XqM.js       [39m[1m[2m  3.91 kB[22m[1m[22m[2m │ gzip:  1.54 kB[22m[2m │ map:    10.28 kB[22m
[2mdist/[22m[2massets/[22m[36mSellerNotifications-BIu_sLe8.js      [39m[1m[2m  3.94 kB[22m[1m[22m[2m │ gzip:  1.58 kB[22m[2m │ map:    10.36 kB[22m
[2mdist/[22m[2massets/[22m[36mBuyerWishlist-CL2R4HWb.js            [39m[1m[2m  3.95 kB[22m[1m[22m[2m │ gzip:  1.68 kB[22m[2m │ map:    10.73 kB[22m
[2mdist/[22m[2massets/[22m[36mAdminShell-D4m3xUd6.js               [39m[1m[2m  3.96 kB[22m[1m[22m[2m │ gzip:  1.40 kB[22m[2m │ map:     8.45 kB[22m
[2mdist/[22m[2massets/[22m[36mSellerShell-4dqk5OW_.js              [39m[1m[2m  3.97 kB[22m[1m[22m[2m │ gzip:  1.40 kB[22m[2m │ map:     8.69 kB[22m
[2mdist/[22m[2massets/[22m[36mDisclaimer-Dp2wK0xl.js               [39m[1m[2m  4.08 kB[22m[1m[22m[2m │ gzip:  1.71 kB[22m[2m │ map:     5.44 kB[22m
[2mdist/[22m[2massets/[22m[36mproductAdapter-CcDSgvSS.js           [39m[1m[2m  4.31 kB[22m[1m[22m[2m │ gzip:  1.70 kB[22m[2m │ map:    14.04 kB[22m
[2mdist/[22m[2massets/[22m[36mSellerOrders-M9TQnNmk.js             [39m[1m[2m  4.40 kB[22m[1m[22m[2m │ gzip:  1.62 kB[22m[2m │ map:    10.69 kB[22m
[2mdist/[22m[2massets/[22m[36mBuyerOrders-BAyFI2W1.js              [39m[1m[2m  4.46 kB[22m[1m[22m[2m │ gzip:  1.68 kB[22m[2m │ map:    10.87 kB[22m
[2mdist/[22m[2massets/[22m[36mShippingPolicy-Oe-ggR4F.js           [39m[1m[2m  4.51 kB[22m[1m[22m[2m │ gzip:  1.73 kB[22m[2m │ map:     6.12 kB[22m
[2mdist/[22m[2massets/[22m[36mSellerLayout-D_4uLUW8.js             [39m[1m[2m  4.63 kB[22m[1m[22m[2m │ gzip:  1.64 kB[22m[2m │ map:    11.81 kB[22m
[2mdist/[22m[2massets/[22m[36mAboutUs-BYTlrSCu.js                  [39m[1m[2m  4.67 kB[22m[1m[22m[2m │ gzip:  1.59 kB[22m[2m │ map:     7.16 kB[22m
[2mdist/[22m[2massets/[22m[36mReturnsPolicy-CC9JkaZb.js            [39m[1m[2m  4.76 kB[22m[1m[22m[2m │ gzip:  1.91 kB[22m[2m │ map:     6.24 kB[22m
[2mdist/[22m[2massets/[22m[36mTrackingPage-CJTXW5iR.js             [39m[1m[2m  4.92 kB[22m[1m[22m[2m │ gzip:  1.74 kB[22m[2m │ map:    13.42 kB[22m
[2mdist/[22m[2massets/[22m[36mBuyerLayout-4XqUO7Ho.js              [39m[1m[2m  4.98 kB[22m[1m[22m[2m │ gzip:  1.72 kB[22m[2m │ map:    12.44 kB[22m
[2mdist/[22m[2massets/[22m[36mForgotPassword-DyDf6map.js           [39m[1m[2m  5.04 kB[22m[1m[22m[2m │ gzip:  1.78 kB[22m[2m │ map:    10.40 kB[22m
[2mdist/[22m[2massets/[22m[36mBuyerTerms-m8LJQE1i.js               [39m[1m[2m  5.12 kB[22m[1m[22m[2m │ gzip:  1.98 kB[22m[2m │ map:     6.99 kB[22m
[2mdist/[22m[2massets/[22m[36mSellerProducts-D9a4LbFb.js           [39m[1m[2m  5.30 kB[22m[1m[22m[2m │ gzip:  1.93 kB[22m[2m │ map:    12.17 kB[22m
[2mdist/[22m[2massets/[22m[36mAcceptableUsePolicyPage-CGj5X55f.js  [39m[1m[2m  5.33 kB[22m[1m[22m[2m │ gzip:  1.83 kB[22m[2m │ map:     7.31 kB[22m
[2mdist/[22m[2massets/[22m[36mTermsAndConditions-DZtPz4K8.js       [39m[1m[2m  5.53 kB[22m[1m[22m[2m │ gzip:  2.17 kB[22m[2m │ map:     7.14 kB[22m
[2mdist/[22m[2massets/[22m[36mBuyerAddresses-BhtTvAOE.js           [39m[1m[2m  5.55 kB[22m[1m[22m[2m │ gzip:  1.80 kB[22m[2m │ map:    14.08 kB[22m
[2mdist/[22m[2massets/[22m[36mCookiePolicy-C7-zvStl.js             [39m[1m[2m  5.80 kB[22m[1m[22m[2m │ gzip:  2.11 kB[22m[2m │ map:     7.74 kB[22m
[2mdist/[22m[2massets/[22m[36mBuyerDashboard-DSlqA6tp.js           [39m[1m[2m  6.10 kB[22m[1m[22m[2m │ gzip:  1.94 kB[22m[2m │ map:    15.04 kB[22m
[2mdist/[22m[2massets/[22m[36mContactUs-D4B7WJlI.js                [39m[1m[2m  6.25 kB[22m[1m[22m[2m │ gzip:  2.10 kB[22m[2m │ map:    14.03 kB[22m
[2mdist/[22m[2massets/[22m[36mAdminLayout-ovOQgnmq.js              [39m[1m[2m  6.33 kB[22m[1m[22m[2m │ gzip:  2.08 kB[22m[2m │ map:    16.77 kB[22m
[2mdist/[22m[2massets/[22m[36mSellerTerms-Bw77nj-o.js              [39m[1m[2m  6.36 kB[22m[1m[22m[2m │ gzip:  2.30 kB[22m[2m │ map:     8.51 kB[22m
[2mdist/[22m[2massets/[22m[36mSellerGuidelinesPage-CWEKH2f4.js     [39m[1m[2m  6.52 kB[22m[1m[22m[2m │ gzip:  2.27 kB[22m[2m │ map:    10.56 kB[22m
[2mdist/[22m[2massets/[22m[36mindex-DlVn7X7Z.js                    [39m[1m[2m  6.53 kB[22m[1m[22m[2m │ gzip:  2.50 kB[22m[2m │ map:    27.78 kB[22m
[2mdist/[22m[2massets/[22m[36mCatalog-CSJQ9GlH.js                  [39m[1m[2m  6.55 kB[22m[1m[22m[2m │ gzip:  2.65 kB[22m[2m │ map:    20.77 kB[22m
[2mdist/[22m[2massets/[22m[36mResetPassword-CPIMzHv6.js            [39m[1m[2m  6.57 kB[22m[1m[22m[2m │ gzip:  2.14 kB[22m[2m │ map:    15.91 kB[22m
[2mdist/[22m[2massets/[22m[36mtabs-Bki8nNDG.js                     [39m[1m[2m  6.60 kB[22m[1m[22m[2m │ gzip:  2.63 kB[22m[2m │ map:    28.56 kB[22m
[2mdist/[22m[2massets/[22m[36mBuyerProfile-pwIebH6V.js             [39m[1m[2m  6.70 kB[22m[1m[22m[2m │ gzip:  2.16 kB[22m[2m │ map:    16.48 kB[22m
[2mdist/[22m[2massets/[22m[36mTrackOrderPage-Cu_NZuv0.js           [39m[1m[2m  7.42 kB[22m[1m[22m[2m │ gzip:  2.24 kB[22m[2m │ map:    18.56 kB[22m
[2mdist/[22m[2massets/[22m[36mAdminProducts-oD7DSyvb.js            [39m[1m[2m  7.47 kB[22m[1m[22m[2m │ gzip:  2.49 kB[22m[2m │ map:    20.24 kB[22m
[2mdist/[22m[2massets/[22m[36mLogin-DvADJMCS.js                    [39m[1m[2m  7.48 kB[22m[1m[22m[2m │ gzip:  2.78 kB[22m[2m │ map:    15.45 kB[22m
[2mdist/[22m[2massets/[22m[36mPrivacyPolicy-CzQWp3ym.js            [39m[1m[2m  7.60 kB[22m[1m[22m[2m │ gzip:  2.58 kB[22m[2m │ map:     9.98 kB[22m
[2mdist/[22m[2massets/[22m[36mSellerProfile-CEU0xQ0m.js            [39m[1m[2m  8.10 kB[22m[1m[22m[2m │ gzip:  2.47 kB[22m[2m │ map:    19.91 kB[22m
[2mdist/[22m[2massets/[22m[36mSellerReturns-DJRD3ocy.js            [39m[1m[2m  8.14 kB[22m[1m[22m[2m │ gzip:  2.59 kB[22m[2m │ map:    19.85 kB[22m
[2mdist/[22m[2massets/[22m[36mSellerShipments-CRj2Z6IZ.js          [39m[1m[2m  8.14 kB[22m[1m[22m[2m │ gzip:  2.64 kB[22m[2m │ map:    19.52 kB[22m
[2mdist/[22m[2massets/[22m[36mSellerSetupPage-B8HtVe0K.js          [39m[1m[2m  8.19 kB[22m[1m[22m[2m │ gzip:  2.61 kB[22m[2m │ map:    21.57 kB[22m
[2mdist/[22m[2massets/[22m[36mCategoryPage-BRtdB2hj.js             [39m[1m[2m  8.33 kB[22m[1m[22m[2m │ gzip:  3.09 kB[22m[2m │ map:    25.53 kB[22m
[2mdist/[22m[2massets/[22m[36mCart-Bjxah-p-.js                     [39m[1m[2m  8.41 kB[22m[1m[22m[2m │ gzip:  2.38 kB[22m[2m │ map:    19.13 kB[22m
[2mdist/[22m[2massets/[22m[36mAdminDashboard-BrdcuGNY.js           [39m[1m[2m  8.46 kB[22m[1m[22m[2m │ gzip:  2.60 kB[22m[2m │ map:    21.45 kB[22m
[2mdist/[22m[2massets/[22m[36mAdminReports-DoFAlYgh.js             [39m[1m[2m  8.54 kB[22m[1m[22m[2m │ gzip:  2.64 kB[22m[2m │ map:    20.88 kB[22m
[2mdist/[22m[2massets/[22m[36mSellerRFQ-DVqjhcA-.js                [39m[1m[2m  8.83 kB[22m[1m[22m[2m │ gzip:  2.84 kB[22m[2m │ map:    20.45 kB[22m
[2mdist/[22m[2massets/[22m[36mFAQ-CqC2zqDz.js                      [39m[1m[2m  8.96 kB[22m[1m[22m[2m │ gzip:  3.13 kB[22m[2m │ map:    15.25 kB[22m
[2mdist/[22m[2massets/[22m[36mSignup-DzLxwlt4.js                   [39m[1m[2m 10.00 kB[22m[1m[22m[2m │ gzip:  3.44 kB[22m[2m │ map:    21.30 kB[22m
[2mdist/[22m[2massets/[22m[36mSellerDashboard-DEUtZkGw.js          [39m[1m[2m 10.04 kB[22m[1m[22m[2m │ gzip:  2.83 kB[22m[2m │ map:    24.31 kB[22m
[2mdist/[22m[2massets/[22m[36mAdminUsers-CVHmJt0-.js               [39m[1m[2m 10.05 kB[22m[1m[22m[2m │ gzip:  3.00 kB[22m[2m │ map:    24.14 kB[22m
[2mdist/[22m[2massets/[22m[36mSellerReviewsPage-DDvAIxnK.js        [39m[1m[2m 10.08 kB[22m[1m[22m[2m │ gzip:  3.00 kB[22m[2m │ map:    25.45 kB[22m
[2mdist/[22m[2massets/[22m[36mAdminFlagged-YZuIeLxX.js             [39m[1m[2m 10.45 kB[22m[1m[22m[2m │ gzip:  3.03 kB[22m[2m │ map:    24.93 kB[22m
[2mdist/[22m[2massets/[22m[36mAdminApprovals-Dcf-yWKC.js           [39m[1m[2m 11.30 kB[22m[1m[22m[2m │ gzip:  3.04 kB[22m[2m │ map:    28.30 kB[22m
[2mdist/[22m[2massets/[22m[36mAdminOrders-DfUlqMEH.js              [39m[1m[2m 11.35 kB[22m[1m[22m[2m │ gzip:  3.35 kB[22m[2m │ map:    26.44 kB[22m
[2mdist/[22m[2massets/[22m[36mBuyerSettings-CAlUh5wi.js            [39m[1m[2m 11.56 kB[22m[1m[22m[2m │ gzip:  3.54 kB[22m[2m │ map:    29.52 kB[22m
[2mdist/[22m[2massets/[22m[36mAdminSettings-BeOJ-02K.js            [39m[1m[2m 11.97 kB[22m[1m[22m[2m │ gzip:  3.13 kB[22m[2m │ map:    27.70 kB[22m
[2mdist/[22m[2massets/[22m[36mBuyerReviews-CWWZs28G.js             [39m[1m[2m 12.01 kB[22m[1m[22m[2m │ gzip:  3.58 kB[22m[2m │ map:    30.11 kB[22m
[2mdist/[22m[2massets/[22m[36mAdminSupport-B0_AVE7w.js             [39m[1m[2m 13.46 kB[22m[1m[22m[2m │ gzip:  3.74 kB[22m[2m │ map:    33.25 kB[22m
[2mdist/[22m[2massets/[22m[36mSellerPublicProfilePage-DuUrm6yw.js  [39m[1m[2m 13.77 kB[22m[1m[22m[2m │ gzip:  4.12 kB[22m[2m │ map:    36.74 kB[22m
[2mdist/[22m[2massets/[22m[36mSellerSettings-BUEwrtdn.js           [39m[1m[2m 14.26 kB[22m[1m[22m[2m │ gzip:  4.15 kB[22m[2m │ map:    36.88 kB[22m
[2mdist/[22m[2massets/[22m[36mDeals-BFPBGRgL.js                    [39m[1m[2m 15.76 kB[22m[1m[22m[2m │ gzip:  4.84 kB[22m[2m │ map:    37.69 kB[22m
[2mdist/[22m[2massets/[22m[36mCheckout-DomicFi4.js                 [39m[1m[2m 16.30 kB[22m[1m[22m[2m │ gzip:  4.04 kB[22m[2m │ map:    37.25 kB[22m
[2mdist/[22m[2massets/[22m[36mCatalogHeader-BgvcgkGl.js            [39m[1m[2m 16.80 kB[22m[1m[22m[2m │ gzip:  5.86 kB[22m[2m │ map:    63.57 kB[22m
[2mdist/[22m[2massets/[22m[36mAdminSellerDetailPage-DiNSlWNQ.js    [39m[1m[2m 18.20 kB[22m[1m[22m[2m │ gzip:  4.00 kB[22m[2m │ map:    44.68 kB[22m
[2mdist/[22m[2massets/[22m[36mCombination-DZJqgzYW.js              [39m[1m[2m 19.32 kB[22m[1m[22m[2m │ gzip:  6.79 kB[22m[2m │ map:    90.76 kB[22m
[2mdist/[22m[2massets/[22m[36mdropdown-menu-CdZiIaAH.js            [39m[1m[2m 21.47 kB[22m[1m[22m[2m │ gzip:  6.21 kB[22m[2m │ map:    90.73 kB[22m
[2mdist/[22m[2massets/[22m[36mselect-CGY1Gxz4.js                   [39m[1m[2m 21.98 kB[22m[1m[22m[2m │ gzip:  7.50 kB[22m[2m │ map:    94.14 kB[22m
[2mdist/[22m[2massets/[22m[36mProductDetail-CdbijUpF.js            [39m[1m[2m 22.18 kB[22m[1m[22m[2m │ gzip:  6.49 kB[22m[2m │ map:    60.06 kB[22m
[2mdist/[22m[2massets/[22m[36mNotificationBell-pn2ij09e.js         [39m[1m[2m 24.37 kB[22m[1m[22m[2m │ gzip:  7.07 kB[22m[2m │ map:    80.24 kB[22m
[2mdist/[22m[2massets/[22m[36mindex-BgZUoUyd.js                    [39m[1m[2m 26.49 kB[22m[1m[22m[2m │ gzip: 10.05 kB[22m[2m │ map:   147.60 kB[22m
[2mdist/[22m[2massets/[22m[36mFooter-Ds8tpJE9.js                   [39m[1m[2m 30.38 kB[22m[1m[22m[2m │ gzip:  8.58 kB[22m[2m │ map:    64.68 kB[22m
[2mdist/[22m[2massets/[22m[36mvendor-ui-TgAXsadM.js                [39m[1m[2m 33.94 kB[22m[1m[22m[2m │ gzip: 11.68 kB[22m[2m │ map:   165.25 kB[22m
[2mdist/[22m[2massets/[22m[36mProductFormPage-B8AfXnAg.js          [39m[1m[2m 35.73 kB[22m[1m[22m[2m │ gzip:  9.00 kB[22m[2m │ map:    99.68 kB[22m
[2mdist/[22m[2massets/[22m[36mHome-B-vwCj_d.js                     [39m[1m[2m 41.83 kB[22m[1m[22m[2m │ gzip:  8.74 kB[22m[2m │ map:    90.66 kB[22m
[2mdist/[22m[2massets/[22m[36mvendor-react-CVLIawwa.js             [39m[1m[2m 48.86 kB[22m[1m[22m[2m │ gzip: 16.86 kB[22m[2m │ map:   466.15 kB[22m
[2mdist/[22m[2massets/[22m[36mvendor-supabase-BXcWC0id.js          [39m[1m[2m190.43 kB[22m[1m[22m[2m │ gzip: 48.12 kB[22m[2m │ map:   824.37 kB[22m
[2mdist/[22m[2massets/[22m[36mindex-DQ6_hPAK.js                    [39m[1m[2m254.43 kB[22m[1m[22m[2m │ gzip: 77.42 kB[22m[2m │ map: 1,135.97 kB[22m
[32m✓ built in 11.46s[39m
